2025-12-04 13:42:49,069 - root - INFO - TIFF size: 0.24 GB, Free RAM: 5.54 GB
2025-12-04 13:42:49,070 - ui - INFO - Loading entire TIFF into memory...
2025-12-04 13:42:49,981 - canvas - INFO -  draw completed at 13:42:49.981, draw time: 937.46 ms
2025-12-04 13:42:50,020 - canvas - INFO -  draw completed at 13:42:50.020, draw time: 975.83 ms
2025-12-04 13:42:50,255 - loader - INFO - TIFF fully loaded into RAM
2025-12-04 13:42:50,400 - canvas - INFO -  draw completed at 13:42:50.400, draw time: 1356.47 ms
2025-12-04 13:45:09,637 - root - INFO - TIFF size: 0.24 GB, Free RAM: 5.48 GB
2025-12-04 13:45:09,638 - ui - INFO - Loading entire TIFF into memory...
2025-12-04 13:45:10,512 - canvas - INFO -  draw completed at 13:45:10.512, draw time: 892.38 ms
2025-12-04 13:45:10,581 - canvas - INFO -  draw completed at 13:45:10.581, draw time: 961.26 ms
2025-12-04 13:45:10,699 - loader - INFO - TIFF fully loaded into RAM
2025-12-04 13:45:10,772 - canvas - INFO -  draw completed at 13:45:10.772, draw time: 1151.96 ms
2025-12-04 13:45:18,079 - canvas - INFO - Red draw completed at 13:45:18.079, draw time: 319.62 ms
2025-12-04 13:45:40,777 - canvas - INFO - Red draw completed at 13:45:40.777, draw time: 23017.80 ms
2025-12-04 13:45:41,095 - canvas - INFO - Red draw completed at 13:45:41.095, draw time: 23336.25 ms
2025-12-04 13:45:41,461 - canvas - INFO - Red draw completed at 13:45:41.461, draw time: 23702.19 ms
2025-12-04 13:45:41,838 - canvas - INFO - Red draw completed at 13:45:41.838, draw time: 24078.84 ms
2025-12-04 13:45:42,162 - canvas - INFO - Red draw completed at 13:45:42.162, draw time: 24402.85 ms
2025-12-04 13:45:42,838 - canvas - INFO - Red draw completed at 13:45:42.838, draw time: 25078.77 ms
2025-12-04 13:45:43,181 - canvas - INFO - Red draw completed at 13:45:43.181, draw time: 25421.93 ms
2025-12-04 13:45:43,566 - canvas - INFO - Red draw completed at 13:45:43.566, draw time: 25806.94 ms
2025-12-04 13:45:43,867 - canvas - INFO - Red draw completed at 13:45:43.867, draw time: 26107.65 ms
2025-12-04 13:45:45,368 - canvas - INFO - Red draw completed at 13:45:45.368, draw time: 27608.65 ms
2025-12-04 13:45:45,693 - canvas - INFO - Red draw completed at 13:45:45.693, draw time: 27933.76 ms
2025-12-04 13:45:46,018 - canvas - INFO - Red draw completed at 13:45:46.018, draw time: 28258.39 ms
2025-12-04 13:45:46,373 - canvas - INFO - Red draw completed at 13:45:46.373, draw time: 28613.55 ms
2025-12-04 13:45:47,065 - canvas - INFO - Red draw completed at 13:45:47.065, draw time: 29305.89 ms
2025-12-04 13:45:47,402 - canvas - INFO - Red draw completed at 13:45:47.401, draw time: 29642.30 ms
2025-12-04 13:45:47,713 - canvas - INFO - Red draw completed at 13:45:47.713, draw time: 29953.71 ms
2025-12-04 13:45:47,995 - canvas - INFO - Red draw completed at 13:45:47.995, draw time: 30236.26 ms
2025-12-04 13:45:48,596 - canvas - INFO - Red draw completed at 13:45:48.596, draw time: 30836.73 ms
2025-12-04 13:45:48,914 - canvas - INFO - Red draw completed at 13:45:48.914, draw time: 31154.60 ms
2025-12-04 13:45:49,153 - canvas - INFO - Red draw completed at 13:45:49.153, draw time: 31394.00 ms
2025-12-04 13:45:49,454 - canvas - INFO - Red draw completed at 13:45:49.454, draw time: 31694.90 ms
2025-12-04 13:45:49,744 - canvas - INFO - Red draw completed at 13:45:49.744, draw time: 31985.04 ms
2025-12-04 13:45:50,111 - canvas - INFO - Red draw completed at 13:45:50.111, draw time: 32351.46 ms
2025-12-04 13:45:50,392 - canvas - INFO - Red draw completed at 13:45:50.392, draw time: 32632.84 ms
2025-12-04 13:45:50,667 - canvas - INFO - Red draw completed at 13:45:50.667, draw time: 32907.70 ms
2025-12-04 13:45:50,939 - canvas - INFO - Red draw completed at 13:45:50.939, draw time: 33180.10 ms
2025-12-04 13:45:51,241 - canvas - INFO - Red draw completed at 13:45:51.241, draw time: 33482.07 ms
2025-12-04 13:45:51,534 - canvas - INFO - Red draw completed at 13:45:51.533, draw time: 33774.34 ms
2025-12-04 13:45:51,798 - canvas - INFO - Red draw completed at 13:45:51.797, draw time: 34038.35 ms
2025-12-04 13:45:54,260 - canvas - INFO - Red draw completed at 13:45:54.260, draw time: 36500.52 ms
2025-12-04 13:45:54,616 - canvas - INFO - Red draw completed at 13:45:54.616, draw time: 36856.42 ms
2025-12-04 13:45:59,397 - canvas - INFO - Red draw completed at 13:45:59.397, draw time: 94.55 ms
2025-12-04 13:46:02,468 - canvas - INFO - Red draw completed at 13:46:02.467, draw time: 80.12 ms
2025-12-04 13:46:06,224 - canvas - INFO - Red draw completed at 13:46:06.224, draw time: 179.48 ms
2025-12-04 13:46:12,175 - canvas - INFO - Red draw completed at 13:46:12.175, draw time: 158.66 ms
2025-12-04 13:56:02,660 - root - INFO - TIFF size: 0.24 GB, Free RAM: 5.39 GB
2025-12-04 13:56:02,661 - ui - INFO - Loading entire TIFF into memory...
2025-12-04 13:56:03,478 - canvas - INFO -  draw completed at 13:56:03.478, draw time: 849.90 ms
2025-12-04 13:56:03,517 - canvas - INFO -  draw completed at 13:56:03.517, draw time: 888.73 ms
2025-12-04 13:56:03,672 - loader - INFO - TIFF fully loaded into RAM
2025-12-04 13:56:03,752 - canvas - INFO -  draw completed at 13:56:03.752, draw time: 1123.57 ms
2025-12-04 14:05:58,474 - root - INFO - TIFF size: 0.24 GB, Free RAM: 5.72 GB
2025-12-04 14:05:58,475 - ui - INFO - Loading entire TIFF into memory...
2025-12-04 14:05:59,311 - canvas - INFO -  draw completed at 14:05:59.311, draw time: 868.40 ms
2025-12-04 14:05:59,346 - canvas - INFO -  draw completed at 14:05:59.346, draw time: 904.05 ms
2025-12-04 14:05:59,502 - loader - INFO - TIFF fully loaded into RAM
2025-12-04 14:05:59,587 - canvas - INFO -  draw completed at 14:05:59.587, draw time: 1144.34 ms
2025-12-04 14:06:07,153 - canvas - INFO - Red draw completed at 14:06:07.152, draw time: 228.13 ms
2025-12-04 14:06:10,945 - canvas - INFO - Red draw completed at 14:06:10.945, draw time: 4020.40 ms
2025-12-04 14:06:11,338 - canvas - INFO - Red draw completed at 14:06:11.338, draw time: 4413.49 ms
2025-12-04 14:06:11,930 - canvas - INFO - Red draw completed at 14:06:11.930, draw time: 5005.74 ms
2025-12-04 14:06:12,273 - canvas - INFO - Red draw completed at 14:06:12.273, draw time: 5349.06 ms
2025-12-04 14:06:12,610 - canvas - INFO - Red draw completed at 14:06:12.610, draw time: 5685.64 ms
2025-12-04 14:06:12,943 - canvas - INFO - Red draw completed at 14:06:12.943, draw time: 6018.30 ms
2025-12-04 14:06:13,357 - canvas - INFO - Red draw completed at 14:06:13.357, draw time: 6432.52 ms
2025-12-04 14:06:13,722 - canvas - INFO - Red draw completed at 14:06:13.722, draw time: 6797.26 ms
2025-12-04 14:06:13,983 - canvas - INFO - Red draw completed at 14:06:13.983, draw time: 7058.59 ms
2025-12-04 14:06:16,236 - canvas - INFO - Red draw completed at 14:06:16.236, draw time: 9311.29 ms
2025-12-04 14:06:36,821 - canvas - INFO - Red draw completed at 14:06:36.821, draw time: 73.14 ms
2025-12-04 14:06:39,905 - canvas - INFO - Red draw completed at 14:06:39.905, draw time: 78.80 ms
2025-12-04 14:06:43,405 - canvas - INFO - Red draw completed at 14:06:43.405, draw time: 80.07 ms
2025-12-04 14:06:46,341 - canvas - INFO - Red draw completed at 14:06:46.341, draw time: 73.54 ms
2025-12-04 14:06:49,397 - canvas - INFO - Red draw completed at 14:06:49.397, draw time: 76.48 ms
2025-12-04 14:06:52,430 - canvas - INFO - Red draw completed at 14:06:52.430, draw time: 80.86 ms
2025-12-04 14:06:55,795 - canvas - INFO - Red draw completed at 14:06:55.795, draw time: 74.34 ms
2025-12-04 14:06:58,882 - canvas - INFO - Red draw completed at 14:06:58.882, draw time: 73.54 ms
2025-12-04 14:07:02,209 - canvas - INFO - Red draw completed at 14:07:02.209, draw time: 75.46 ms
2025-12-04 14:07:05,745 - canvas - INFO - Red draw completed at 14:07:05.745, draw time: 71.93 ms
2025-12-04 14:07:08,571 - canvas - INFO - Red draw completed at 14:07:08.571, draw time: 77.55 ms
2025-12-04 14:07:11,403 - canvas - INFO - Red draw completed at 14:07:11.403, draw time: 72.68 ms
2025-12-04 14:07:14,226 - canvas - INFO - Red draw completed at 14:07:14.226, draw time: 75.37 ms
2025-12-04 14:07:17,845 - canvas - INFO - Red draw completed at 14:07:17.845, draw time: 81.59 ms
2025-12-04 14:07:21,035 - canvas - INFO - Red draw completed at 14:07:21.035, draw time: 73.14 ms
2025-12-04 14:07:24,034 - canvas - INFO - Red draw completed at 14:07:24.034, draw time: 72.07 ms
2025-12-04 14:07:26,954 - canvas - INFO - Red draw completed at 14:07:26.954, draw time: 72.54 ms
2025-12-04 14:07:30,248 - canvas - INFO - Red draw completed at 14:07:30.248, draw time: 85.49 ms
2025-12-04 14:07:33,249 - canvas - INFO - Red draw completed at 14:07:33.249, draw time: 72.81 ms
2025-12-04 14:07:36,634 - canvas - INFO - Red draw completed at 14:07:36.634, draw time: 77.86 ms
2025-12-04 14:07:39,624 - canvas - INFO - Red draw completed at 14:07:39.624, draw time: 74.19 ms
2025-12-04 14:07:42,938 - canvas - INFO - Red draw completed at 14:07:42.938, draw time: 75.21 ms
2025-12-04 14:07:46,249 - canvas - INFO - Red draw completed at 14:07:46.249, draw time: 73.12 ms
2025-12-04 14:07:49,539 - canvas - INFO - Red draw completed at 14:07:49.539, draw time: 73.21 ms
2025-12-04 14:07:52,844 - canvas - INFO - Red draw completed at 14:07:52.844, draw time: 75.24 ms
2025-12-04 14:07:56,202 - canvas - INFO - Red draw completed at 14:07:56.202, draw time: 71.96 ms
2025-12-04 14:07:59,237 - canvas - INFO - Red draw completed at 14:07:59.237, draw time: 91.31 ms
2025-12-04 14:08:02,590 - canvas - INFO - Red draw completed at 14:08:02.590, draw time: 78.28 ms
2025-12-04 14:08:05,985 - canvas - INFO - Red draw completed at 14:08:05.985, draw time: 93.35 ms
2025-12-04 14:08:09,102 - canvas - INFO - Red draw completed at 14:08:09.102, draw time: 72.15 ms
2025-12-04 14:08:12,502 - canvas - INFO - Red draw completed at 14:08:12.501, draw time: 74.31 ms
2025-12-04 14:08:16,964 - canvas - INFO - Red draw completed at 14:08:16.964, draw time: 151.47 ms
2025-12-04 14:08:23,587 - canvas - INFO - Red draw completed at 14:08:23.586, draw time: 152.18 ms
2025-12-04 14:08:29,235 - canvas - INFO - Red draw completed at 14:08:29.234, draw time: 147.28 ms
2025-12-04 14:08:35,211 - canvas - INFO - Red draw completed at 14:08:35.211, draw time: 185.22 ms
2025-12-04 14:08:41,424 - canvas - INFO - Red draw completed at 14:08:41.424, draw time: 148.39 ms
2025-12-04 14:08:47,374 - canvas - INFO - Red draw completed at 14:08:47.374, draw time: 212.41 ms
2025-12-04 14:08:47,768 - canvas - INFO - Red draw completed at 14:08:47.768, draw time: 606.65 ms
2025-12-04 14:09:41,672 - canvas - INFO - Red draw completed at 14:09:41.672, draw time: 75.43 ms
2025-12-04 14:09:44,591 - canvas - INFO - Red draw completed at 14:09:44.591, draw time: 73.24 ms
2025-12-04 14:09:47,563 - canvas - INFO - Red draw completed at 14:09:47.563, draw time: 73.90 ms
2025-12-04 14:09:50,577 - canvas - INFO - Red draw completed at 14:09:50.577, draw time: 76.85 ms
2025-12-04 14:09:53,514 - canvas - INFO - Red draw completed at 14:09:53.514, draw time: 75.00 ms
2025-12-04 14:09:56,433 - canvas - INFO - Red draw completed at 14:09:56.433, draw time: 74.04 ms
2025-12-04 14:09:59,462 - canvas - INFO - Red draw completed at 14:09:59.462, draw time: 73.16 ms
2025-12-04 14:10:02,353 - canvas - INFO - Red draw completed at 14:10:02.353, draw time: 74.34 ms
2025-12-04 14:10:05,323 - canvas - INFO - Red draw completed at 14:10:05.323, draw time: 73.65 ms
2025-12-04 14:10:08,870 - canvas - INFO - Red draw completed at 14:10:08.870, draw time: 73.33 ms
2025-12-04 14:10:11,822 - canvas - INFO - Red draw completed at 14:10:11.822, draw time: 72.28 ms
2025-12-04 14:10:14,711 - canvas - INFO - Red draw completed at 14:10:14.711, draw time: 74.43 ms
2025-12-04 14:10:17,883 - canvas - INFO - Red draw completed at 14:10:17.883, draw time: 72.10 ms
2025-12-04 14:10:20,860 - canvas - INFO - Red draw completed at 14:10:20.860, draw time: 79.29 ms
2025-12-04 14:10:23,885 - canvas - INFO - Red draw completed at 14:10:23.885, draw time: 71.86 ms
2025-12-04 14:10:26,814 - canvas - INFO - Red draw completed at 14:10:26.814, draw time: 76.28 ms
2025-12-04 16:33:20,643 - canvas - INFO - Red draw completed at 16:33:20.642, draw time: 8573905.06 ms
2025-12-04 16:33:21,020 - canvas - INFO - Red draw completed at 16:33:21.019, draw time: 8574282.05 ms
2025-12-04 16:33:21,330 - canvas - INFO - Red draw completed at 16:33:21.330, draw time: 8574592.81 ms
2025-12-04 16:33:21,611 - canvas - INFO - Red draw completed at 16:33:21.611, draw time: 8574873.53 ms
2025-12-04 16:33:21,912 - canvas - INFO - Red draw completed at 16:33:21.912, draw time: 8575174.25 ms
2025-12-04 16:33:22,290 - canvas - INFO - Red draw completed at 16:33:22.290, draw time: 8575552.98 ms
2025-12-04 16:33:22,598 - canvas - INFO - Red draw completed at 16:33:22.598, draw time: 8575860.54 ms
2025-12-04 16:33:22,887 - canvas - INFO - Red draw completed at 16:33:22.887, draw time: 8576149.60 ms
2025-12-04 16:33:28,121 - canvas - INFO - Green draw completed at 16:33:28.121, draw time: 78.27 ms
2025-12-04 16:33:31,187 - canvas - INFO - Red draw completed at 16:33:31.187, draw time: 79.54 ms
2025-12-04 16:33:36,210 - canvas - INFO - Green draw completed at 16:33:36.210, draw time: 78.06 ms
2025-12-04 16:33:38,288 - canvas - INFO - Green draw completed at 16:33:38.287, draw time: 2155.87 ms
2025-12-04 16:33:42,111 - canvas - INFO - Red draw completed at 16:33:42.111, draw time: 78.67 ms
2025-12-04 16:33:42,383 - canvas - INFO - Red draw completed at 16:33:42.383, draw time: 351.12 ms
2025-12-04 16:33:42,637 - canvas - INFO - Red draw completed at 16:33:42.637, draw time: 605.01 ms
2025-12-04 16:33:42,895 - canvas - INFO - Red draw completed at 16:33:42.895, draw time: 863.00 ms
2025-12-04 16:33:49,419 - canvas - INFO - Green draw completed at 16:33:49.419, draw time: 74.24 ms
2025-12-04 16:33:51,396 - canvas - INFO - Green draw completed at 16:33:51.396, draw time: 2051.91 ms
2025-12-04 16:33:52,418 - canvas - INFO - Green draw completed at 16:33:52.418, draw time: 3073.67 ms
2025-12-04 16:33:53,185 - canvas - INFO - Green draw completed at 16:33:53.185, draw time: 3841.15 ms
2025-12-04 16:33:53,429 - canvas - INFO - Green draw completed at 16:33:53.429, draw time: 4084.34 ms
2025-12-04 16:33:53,676 - canvas - INFO - Green draw completed at 16:33:53.676, draw time: 4331.58 ms
2025-12-04 16:33:53,919 - canvas - INFO - Green draw completed at 16:33:53.919, draw time: 4574.56 ms
2025-12-04 16:33:54,169 - canvas - INFO - Green draw completed at 16:33:54.168, draw time: 4824.17 ms
2025-12-04 16:33:54,429 - canvas - INFO - Green draw completed at 16:33:54.429, draw time: 5084.24 ms
2025-12-04 16:33:54,683 - canvas - INFO - Green draw completed at 16:33:54.683, draw time: 5338.79 ms
2025-12-04 16:38:40,555 - root - INFO - TIFF size: 0.24 GB, Free RAM: 5.53 GB
2025-12-04 16:38:40,556 - ui - INFO - Loading entire TIFF into memory...
2025-12-04 16:38:41,382 - canvas - INFO -  draw completed at 16:38:41.382, draw time: 896.60 ms
2025-12-04 16:38:41,404 - canvas - INFO -  draw completed at 16:38:41.404, draw time: 918.45 ms
2025-12-04 16:38:41,662 - loader - INFO - TIFF fully loaded into RAM
2025-12-04 16:38:41,698 - canvas - INFO -  draw completed at 16:38:41.698, draw time: 1212.45 ms
2025-12-04 16:38:46,450 - canvas - INFO - Red draw completed at 16:38:46.450, draw time: 117.31 ms
2025-12-04 16:38:48,732 - canvas - INFO - Red draw completed at 16:38:48.732, draw time: 2399.07 ms
2025-12-04 16:38:49,321 - canvas - INFO - Red draw completed at 16:38:49.321, draw time: 2988.66 ms
2025-12-04 16:38:49,485 - canvas - INFO - Red draw completed at 16:38:49.484, draw time: 3151.89 ms
2025-12-04 16:38:49,645 - canvas - INFO - Red draw completed at 16:38:49.644, draw time: 3311.91 ms
2025-12-04 16:38:49,804 - canvas - INFO - Red draw completed at 16:38:49.804, draw time: 3471.69 ms
2025-12-04 16:38:50,495 - canvas - INFO - Red draw completed at 16:38:50.495, draw time: 4162.38 ms
2025-12-04 16:38:50,649 - canvas - INFO - Red draw completed at 16:38:50.649, draw time: 4316.40 ms
2025-12-04 16:38:50,804 - canvas - INFO - Red draw completed at 16:38:50.804, draw time: 4471.53 ms
2025-12-04 16:38:50,964 - canvas - INFO - Red draw completed at 16:38:50.964, draw time: 4631.65 ms
2025-12-04 16:38:51,122 - canvas - INFO - Red draw completed at 16:38:51.122, draw time: 4789.78 ms
2025-12-04 16:38:51,550 - canvas - INFO - Red draw completed at 16:38:51.550, draw time: 5217.41 ms
2025-12-04 16:38:51,716 - canvas - INFO - Red draw completed at 16:38:51.716, draw time: 5383.16 ms
2025-12-04 16:38:51,875 - canvas - INFO - Red draw completed at 16:38:51.875, draw time: 5542.16 ms
2025-12-04 16:38:52,812 - canvas - INFO - Red draw completed at 16:38:52.812, draw time: 6479.70 ms
2025-12-04 16:38:52,981 - canvas - INFO - Red draw completed at 16:38:52.981, draw time: 6648.00 ms
2025-12-04 16:38:53,286 - canvas - INFO - Red draw completed at 16:38:53.286, draw time: 6953.68 ms
2025-12-04 16:38:53,448 - canvas - INFO - Red draw completed at 16:38:53.448, draw time: 7115.39 ms
2025-12-04 16:38:53,795 - canvas - INFO - Red draw completed at 16:38:53.795, draw time: 7462.29 ms
2025-12-04 16:38:54,622 - canvas - INFO - Red draw completed at 16:38:54.622, draw time: 8288.92 ms
2025-12-04 16:38:55,402 - canvas - INFO - Red draw completed at 16:38:55.402, draw time: 9069.72 ms
2025-12-04 16:39:00,136 - canvas - INFO - Red draw completed at 16:39:00.136, draw time: 13802.96 ms
2025-12-04 16:39:00,321 - canvas - INFO - Red draw completed at 16:39:00.321, draw time: 13988.57 ms
2025-12-04 16:39:00,653 - canvas - INFO - Red draw completed at 16:39:00.653, draw time: 14320.43 ms
2025-12-04 16:39:00,822 - canvas - INFO - Red draw completed at 16:39:00.821, draw time: 14488.89 ms
2025-12-04 16:39:00,991 - canvas - INFO - Red draw completed at 16:39:00.991, draw time: 14658.13 ms
2025-12-04 16:39:01,155 - canvas - INFO - Red draw completed at 16:39:01.155, draw time: 14822.30 ms
2025-12-04 16:39:01,972 - canvas - INFO - Red draw completed at 16:39:01.972, draw time: 15639.82 ms
2025-12-04 16:39:02,153 - canvas - INFO - Red draw completed at 16:39:02.153, draw time: 15820.66 ms
2025-12-04 16:39:02,327 - canvas - INFO - Red draw completed at 16:39:02.327, draw time: 15994.07 ms
2025-12-04 16:39:02,494 - canvas - INFO - Red draw completed at 16:39:02.494, draw time: 16161.46 ms
2025-12-04 16:39:02,663 - canvas - INFO - Red draw completed at 16:39:02.663, draw time: 16330.48 ms
2025-12-04 16:39:02,837 - canvas - INFO - Red draw completed at 16:39:02.837, draw time: 16504.49 ms
2025-12-04 16:39:03,013 - canvas - INFO - Red draw completed at 16:39:03.013, draw time: 16680.39 ms
2025-12-04 16:39:03,204 - canvas - INFO - Red draw completed at 16:39:03.204, draw time: 16871.81 ms
2025-12-04 16:39:05,929 - canvas - INFO - Red draw completed at 16:39:05.929, draw time: 19596.59 ms
2025-12-04 16:39:06,102 - canvas - INFO - Red draw completed at 16:39:06.102, draw time: 19768.93 ms
2025-12-04 16:39:06,276 - canvas - INFO - Red draw completed at 16:39:06.276, draw time: 19943.31 ms
2025-12-04 16:39:06,447 - canvas - INFO - Red draw completed at 16:39:06.447, draw time: 20114.28 ms
2025-12-04 16:39:06,635 - canvas - INFO - Red draw completed at 16:39:06.635, draw time: 20302.67 ms
2025-12-04 16:39:06,797 - canvas - INFO - Red draw completed at 16:39:06.797, draw time: 20464.05 ms
2025-12-04 16:39:07,079 - canvas - INFO - Red draw completed at 16:39:07.079, draw time: 20746.77 ms
2025-12-04 16:39:07,457 - canvas - INFO - Red draw completed at 16:39:07.457, draw time: 21124.57 ms
2025-12-04 16:39:12,274 - canvas - INFO - Green draw completed at 16:39:12.274, draw time: 50.44 ms
2025-12-04 16:39:12,943 - canvas - INFO - Green draw completed at 16:39:12.943, draw time: 719.55 ms
2025-12-04 16:39:13,332 - canvas - INFO - Green draw completed at 16:39:13.332, draw time: 1108.15 ms
2025-12-04 16:39:13,502 - canvas - INFO - Green draw completed at 16:39:13.502, draw time: 1278.55 ms
2025-12-04 16:39:13,667 - canvas - INFO - Green draw completed at 16:39:13.667, draw time: 1442.81 ms
2025-12-04 16:39:14,565 - canvas - INFO - Green draw completed at 16:39:14.565, draw time: 2341.28 ms
2025-12-04 16:39:14,744 - canvas - INFO - Green draw completed at 16:39:14.744, draw time: 2520.61 ms
2025-12-04 16:39:14,907 - canvas - INFO - Green draw completed at 16:39:14.907, draw time: 2683.57 ms
2025-12-04 16:39:15,283 - canvas - INFO - Green draw completed at 16:39:15.283, draw time: 3059.33 ms
2025-12-04 16:39:18,276 - canvas - INFO - Green draw completed at 16:39:18.276, draw time: 6051.93 ms
2025-12-04 16:39:19,560 - canvas - INFO - Green draw completed at 16:39:19.560, draw time: 7336.02 ms
2025-12-04 16:39:19,729 - canvas - INFO - Green draw completed at 16:39:19.729, draw time: 7505.46 ms
2025-12-04 16:39:19,891 - canvas - INFO - Green draw completed at 16:39:19.891, draw time: 7667.29 ms
2025-12-04 16:39:20,500 - canvas - INFO - Green draw completed at 16:39:20.500, draw time: 8276.56 ms
2025-12-04 16:39:21,685 - canvas - INFO - Green draw completed at 16:39:21.685, draw time: 9461.05 ms
2025-12-04 16:39:21,847 - canvas - INFO - Green draw completed at 16:39:21.847, draw time: 9622.85 ms
2025-12-04 16:39:22,009 - canvas - INFO - Green draw completed at 16:39:22.008, draw time: 9784.63 ms
2025-12-04 16:39:22,168 - canvas - INFO - Green draw completed at 16:39:22.168, draw time: 9944.55 ms
2025-12-04 16:39:22,334 - canvas - INFO - Green draw completed at 16:39:22.334, draw time: 10109.92 ms
2025-12-04 16:39:22,499 - canvas - INFO - Green draw completed at 16:39:22.499, draw time: 10275.33 ms
2025-12-04 16:39:27,569 - canvas - INFO - Green draw completed at 16:39:27.569, draw time: 48.61 ms
2025-12-04 16:39:29,329 - canvas - INFO - Green draw completed at 16:39:29.329, draw time: 48.64 ms
2025-12-04 16:39:31,062 - canvas - INFO - Green draw completed at 16:39:31.062, draw time: 52.43 ms
2025-12-04 16:39:32,893 - canvas - INFO - Green draw completed at 16:39:32.893, draw time: 51.53 ms
2025-12-04 16:39:35,312 - canvas - INFO - Green draw completed at 16:39:35.312, draw time: 77.48 ms
2025-12-04 16:39:39,861 - canvas - INFO - Green draw completed at 16:39:39.861, draw time: 136.86 ms
2025-12-04 16:39:45,622 - canvas - INFO - Green draw completed at 16:39:45.622, draw time: 186.18 ms
2025-12-04 16:39:48,040 - canvas - INFO - Green draw completed at 16:39:48.040, draw time: 74.13 ms
2025-12-04 16:39:50,444 - canvas - INFO - Green draw completed at 16:39:50.444, draw time: 72.15 ms
2025-12-04 16:49:56,799 - root - INFO - TIFF size: 0.24 GB, Free RAM: 5.69 GB
2025-12-04 16:49:56,800 - ui - INFO - Loading entire TIFF into memory...
2025-12-04 16:49:57,412 - canvas - INFO - [] draw() completed at 16:49:57.412 (draw time: 623.67 ms)
2025-12-04 16:49:57,439 - canvas - INFO - [] draw() completed at 16:49:57.439 (draw time: 650.65 ms)
2025-12-04 16:49:57,533 - loader - INFO - TIFF fully loaded into RAM
2025-12-04 16:49:57,584 - canvas - INFO - [] draw() completed at 16:49:57.584 (draw time: 795.44 ms)
2025-12-04 16:52:04,828 - root - INFO - TIFF size: 0.24 GB, Free RAM: 5.66 GB
2025-12-04 16:52:04,828 - ui - INFO - Loading entire TIFF into memory...
2025-12-04 16:52:05,412 - canvas - INFO - [] draw() completed at 16:52:05.412 (draw time: 596.05 ms)
2025-12-04 16:52:05,437 - canvas - INFO - [] draw() completed at 16:52:05.437 (draw time: 621.27 ms)
2025-12-04 16:52:05,535 - loader - INFO - TIFF fully loaded into RAM
2025-12-04 16:52:05,585 - canvas - INFO - [] draw() completed at 16:52:05.585 (draw time: 768.83 ms)
2025-12-04 16:52:10,454 - canvas - INFO - [Red] draw() completed at 16:52:10.454 (draw time: 90.43 ms)
2025-12-04 16:52:12,901 - canvas - INFO - [Red] draw() completed at 16:52:12.901 (draw time: 2537.92 ms)
2025-12-04 16:52:13,064 - canvas - INFO - [Red] draw() completed at 16:52:13.064 (draw time: 2700.47 ms)
2025-12-04 16:52:15,714 - canvas - INFO - [Red] draw() completed at 16:52:15.714 (draw time: 5350.34 ms)
2025-12-04 16:52:15,884 - canvas - INFO - [Red] draw() completed at 16:52:15.883 (draw time: 5520.24 ms)
2025-12-04 16:52:16,049 - canvas - INFO - [Red] draw() completed at 16:52:16.048 (draw time: 5685.26 ms)
2025-12-04 16:52:16,215 - canvas - INFO - [Red] draw() completed at 16:52:16.215 (draw time: 5851.72 ms)
2025-12-04 16:52:16,374 - canvas - INFO - [Red] draw() completed at 16:52:16.374 (draw time: 6010.72 ms)
2025-12-04 16:52:16,535 - canvas - INFO - [Red] draw() completed at 16:52:16.535 (draw time: 6172.07 ms)
2025-12-04 16:52:16,874 - canvas - INFO - [Red] draw() completed at 16:52:16.874 (draw time: 6510.45 ms)
2025-12-04 16:52:17,034 - canvas - INFO - [Red] draw() completed at 16:52:17.034 (draw time: 6670.59 ms)
2025-12-04 16:52:17,193 - canvas - INFO - [Red] draw() completed at 16:52:17.193 (draw time: 6829.83 ms)
2025-12-04 16:52:17,350 - canvas - INFO - [Red] draw() completed at 16:52:17.350 (draw time: 6986.71 ms)
2025-12-04 16:52:17,513 - canvas - INFO - [Red] draw() completed at 16:52:17.513 (draw time: 7149.36 ms)
2025-12-04 16:52:17,673 - canvas - INFO - [Red] draw() completed at 16:52:17.673 (draw time: 7309.39 ms)
2025-12-04 16:52:17,831 - canvas - INFO - [Red] draw() completed at 16:52:17.830 (draw time: 7467.26 ms)
2025-12-04 16:52:17,991 - canvas - INFO - [Red] draw() completed at 16:52:17.991 (draw time: 7627.83 ms)
2025-12-04 16:52:18,150 - canvas - INFO - [Red] draw() completed at 16:52:18.150 (draw time: 7786.48 ms)
2025-12-04 16:52:18,304 - canvas - INFO - [Red] draw() completed at 16:52:18.304 (draw time: 7940.71 ms)
2025-12-04 16:52:18,620 - canvas - INFO - [Red] draw() completed at 16:52:18.619 (draw time: 8256.25 ms)
2025-12-04 16:52:18,785 - canvas - INFO - [Red] draw() completed at 16:52:18.785 (draw time: 8422.10 ms)
2025-12-04 16:52:18,950 - canvas - INFO - [Red] draw() completed at 16:52:18.950 (draw time: 8586.89 ms)
2025-12-04 16:52:19,120 - canvas - INFO - [Red] draw() completed at 16:52:19.120 (draw time: 8756.45 ms)
2025-12-04 16:52:19,287 - canvas - INFO - [Red] draw() completed at 16:52:19.287 (draw time: 8923.88 ms)
2025-12-04 16:52:19,456 - canvas - INFO - [Red] draw() completed at 16:52:19.456 (draw time: 9093.14 ms)
2025-12-04 16:52:19,622 - canvas - INFO - [Red] draw() completed at 16:52:19.622 (draw time: 9258.72 ms)
2025-12-04 16:52:19,784 - canvas - INFO - [Red] draw() completed at 16:52:19.784 (draw time: 9420.43 ms)
2025-12-04 16:52:19,944 - canvas - INFO - [Red] draw() completed at 16:52:19.944 (draw time: 9580.40 ms)
2025-12-04 16:52:20,103 - canvas - INFO - [Red] draw() completed at 16:52:20.103 (draw time: 9739.60 ms)
2025-12-04 16:52:20,264 - canvas - INFO - [Red] draw() completed at 16:52:20.264 (draw time: 9900.34 ms)
2025-12-04 16:52:20,423 - canvas - INFO - [Red] draw() completed at 16:52:20.423 (draw time: 10059.96 ms)
2025-12-04 16:52:20,582 - canvas - INFO - [Red] draw() completed at 16:52:20.582 (draw time: 10218.62 ms)
2025-12-04 16:52:20,738 - canvas - INFO - [Red] draw() completed at 16:52:20.738 (draw time: 10374.56 ms)
2025-12-04 16:52:21,068 - canvas - INFO - [Red] draw() completed at 16:52:21.068 (draw time: 10704.61 ms)
2025-12-04 16:52:21,275 - canvas - INFO - [Red] draw() completed at 16:52:21.275 (draw time: 10911.37 ms)
2025-12-04 16:52:21,433 - canvas - INFO - [Red] draw() completed at 16:52:21.433 (draw time: 11069.74 ms)
2025-12-04 16:52:21,599 - canvas - INFO - [Red] draw() completed at 16:52:21.599 (draw time: 11235.67 ms)
2025-12-04 16:52:21,762 - canvas - INFO - [Red] draw() completed at 16:52:21.762 (draw time: 11398.93 ms)
2025-12-04 16:52:21,929 - canvas - INFO - [Red] draw() completed at 16:52:21.929 (draw time: 11565.53 ms)
2025-12-04 16:52:22,122 - canvas - INFO - [Red] draw() completed at 16:52:22.122 (draw time: 11759.19 ms)
2025-12-04 16:52:22,280 - canvas - INFO - [Red] draw() completed at 16:52:22.280 (draw time: 11916.53 ms)
2025-12-04 16:52:22,440 - canvas - INFO - [Red] draw() completed at 16:52:22.440 (draw time: 12076.51 ms)
2025-12-04 16:52:22,601 - canvas - INFO - [Red] draw() completed at 16:52:22.600 (draw time: 12237.27 ms)
2025-12-04 16:52:22,767 - canvas - INFO - [Red] draw() completed at 16:52:22.767 (draw time: 12403.98 ms)
2025-12-04 16:52:22,924 - canvas - INFO - [Red] draw() completed at 16:52:22.924 (draw time: 12560.28 ms)
2025-12-04 16:52:23,082 - canvas - INFO - [Red] draw() completed at 16:52:23.082 (draw time: 12718.65 ms)
2025-12-04 16:52:23,240 - canvas - INFO - [Red] draw() completed at 16:52:23.240 (draw time: 12876.90 ms)
2025-12-04 16:52:23,446 - canvas - INFO - [Red] draw() completed at 16:52:23.446 (draw time: 13082.78 ms)
2025-12-04 16:52:23,616 - canvas - INFO - [Red] draw() completed at 16:52:23.616 (draw time: 13253.13 ms)
2025-12-04 16:52:23,808 - canvas - INFO - [Red] draw() completed at 16:52:23.808 (draw time: 13444.86 ms)
2025-12-04 16:52:23,982 - canvas - INFO - [Red] draw() completed at 16:52:23.982 (draw time: 13618.99 ms)
2025-12-04 16:52:24,146 - canvas - INFO - [Red] draw() completed at 16:52:24.146 (draw time: 13782.97 ms)
2025-12-04 16:52:24,807 - canvas - INFO - [Red] draw() completed at 16:52:24.807 (draw time: 14443.68 ms)
2025-12-04 16:52:24,965 - canvas - INFO - [Red] draw() completed at 16:52:24.965 (draw time: 14601.30 ms)
2025-12-04 16:52:25,122 - canvas - INFO - [Red] draw() completed at 16:52:25.122 (draw time: 14758.54 ms)
2025-12-04 16:52:25,282 - canvas - INFO - [Red] draw() completed at 16:52:25.282 (draw time: 14918.33 ms)
2025-12-04 16:52:25,440 - canvas - INFO - [Red] draw() completed at 16:52:25.440 (draw time: 15077.11 ms)
2025-12-04 16:52:25,602 - canvas - INFO - [Red] draw() completed at 16:52:25.602 (draw time: 15238.43 ms)
2025-12-04 16:52:25,759 - canvas - INFO - [Red] draw() completed at 16:52:25.759 (draw time: 15395.56 ms)
2025-12-04 16:52:25,917 - canvas - INFO - [Red] draw() completed at 16:52:25.917 (draw time: 15553.31 ms)
2025-12-04 16:52:26,085 - canvas - INFO - [Red] draw() completed at 16:52:26.085 (draw time: 15721.75 ms)
2025-12-04 16:52:26,239 - canvas - INFO - [Red] draw() completed at 16:52:26.239 (draw time: 15875.94 ms)
2025-12-04 16:52:26,441 - canvas - INFO - [Red] draw() completed at 16:52:26.441 (draw time: 16077.92 ms)
2025-12-04 16:52:26,598 - canvas - INFO - [Red] draw() completed at 16:52:26.598 (draw time: 16234.31 ms)
2025-12-04 16:52:26,758 - canvas - INFO - [Red] draw() completed at 16:52:26.758 (draw time: 16394.64 ms)
2025-12-04 16:52:26,915 - canvas - INFO - [Red] draw() completed at 16:52:26.915 (draw time: 16551.67 ms)
2025-12-04 16:52:27,079 - canvas - INFO - [Red] draw() completed at 16:52:27.079 (draw time: 16715.90 ms)
2025-12-04 16:52:27,240 - canvas - INFO - [Red] draw() completed at 16:52:27.240 (draw time: 16876.38 ms)
2025-12-04 16:52:27,398 - canvas - INFO - [Red] draw() completed at 16:52:27.398 (draw time: 17034.33 ms)
2025-12-04 16:52:27,552 - canvas - INFO - [Red] draw() completed at 16:52:27.552 (draw time: 17188.31 ms)
2025-12-04 16:52:27,718 - canvas - INFO - [Red] draw() completed at 16:52:27.718 (draw time: 17354.86 ms)
2025-12-04 16:52:27,879 - canvas - INFO - [Red] draw() completed at 16:52:27.879 (draw time: 17515.86 ms)
2025-12-04 16:52:28,041 - canvas - INFO - [Red] draw() completed at 16:52:28.041 (draw time: 17678.07 ms)
2025-12-04 16:52:28,340 - canvas - INFO - [Red] draw() completed at 16:52:28.340 (draw time: 17976.37 ms)
2025-12-04 16:52:28,501 - canvas - INFO - [Red] draw() completed at 16:52:28.501 (draw time: 18137.56 ms)
2025-12-04 16:52:28,676 - canvas - INFO - [Red] draw() completed at 16:52:28.676 (draw time: 18312.76 ms)
2025-12-04 16:52:28,835 - canvas - INFO - [Red] draw() completed at 16:52:28.835 (draw time: 18471.43 ms)
2025-12-04 16:52:28,994 - canvas - INFO - [Red] draw() completed at 16:52:28.994 (draw time: 18631.07 ms)
2025-12-04 16:52:29,148 - canvas - INFO - [Red] draw() completed at 16:52:29.148 (draw time: 18784.42 ms)
2025-12-04 16:52:29,307 - canvas - INFO - [Red] draw() completed at 16:52:29.307 (draw time: 18943.63 ms)
2025-12-04 16:52:29,463 - canvas - INFO - [Red] draw() completed at 16:52:29.463 (draw time: 19099.88 ms)
2025-12-04 16:52:29,632 - canvas - INFO - [Red] draw() completed at 16:52:29.632 (draw time: 19268.52 ms)
2025-12-04 16:52:30,149 - canvas - INFO - [Red] draw() completed at 16:52:30.149 (draw time: 19786.13 ms)
2025-12-04 16:52:30,314 - canvas - INFO - [Red] draw() completed at 16:52:30.314 (draw time: 19950.74 ms)
2025-12-04 16:52:30,473 - canvas - INFO - [Red] draw() completed at 16:52:30.473 (draw time: 20109.84 ms)
2025-12-04 16:52:30,633 - canvas - INFO - [Red] draw() completed at 16:52:30.633 (draw time: 20270.04 ms)
2025-12-04 16:52:30,793 - canvas - INFO - [Red] draw() completed at 16:52:30.793 (draw time: 20429.29 ms)
2025-12-04 16:52:30,955 - canvas - INFO - [Red] draw() completed at 16:52:30.955 (draw time: 20591.28 ms)
2025-12-04 16:52:31,111 - canvas - INFO - [Red] draw() completed at 16:52:31.111 (draw time: 20747.64 ms)
2025-12-04 16:52:31,592 - canvas - INFO - [Red] draw() completed at 16:52:31.592 (draw time: 21228.57 ms)
2025-12-04 16:52:32,627 - canvas - INFO - [Red] draw() completed at 16:52:32.627 (draw time: 22263.54 ms)
2025-12-04 16:52:32,789 - canvas - INFO - [Red] draw() completed at 16:52:32.789 (draw time: 22425.71 ms)
2025-12-04 16:52:32,958 - canvas - INFO - [Red] draw() completed at 16:52:32.958 (draw time: 22594.55 ms)
2025-12-04 16:52:33,116 - canvas - INFO - [Red] draw() completed at 16:52:33.116 (draw time: 22752.66 ms)
2025-12-04 16:52:33,279 - canvas - INFO - [Red] draw() completed at 16:52:33.279 (draw time: 22915.51 ms)
2025-12-04 16:52:33,440 - canvas - INFO - [Red] draw() completed at 16:52:33.440 (draw time: 23076.67 ms)
2025-12-04 16:52:33,606 - canvas - INFO - [Red] draw() completed at 16:52:33.606 (draw time: 23242.69 ms)
2025-12-04 16:52:33,767 - canvas - INFO - [Red] draw() completed at 16:52:33.767 (draw time: 23403.58 ms)
2025-12-04 16:52:33,933 - canvas - INFO - [Red] draw() completed at 16:52:33.933 (draw time: 23570.13 ms)
2025-12-04 16:52:34,098 - canvas - INFO - [Red] draw() completed at 16:52:34.098 (draw time: 23734.75 ms)
2025-12-04 16:52:34,259 - canvas - INFO - [Red] draw() completed at 16:52:34.259 (draw time: 23895.69 ms)
2025-12-04 16:52:34,419 - canvas - INFO - [Red] draw() completed at 16:52:34.419 (draw time: 24055.93 ms)
2025-12-04 16:52:34,587 - canvas - INFO - [Red] draw() completed at 16:52:34.587 (draw time: 24224.13 ms)
2025-12-04 16:52:34,751 - canvas - INFO - [Red] draw() completed at 16:52:34.751 (draw time: 24387.28 ms)
2025-12-04 16:52:34,917 - canvas - INFO - [Red] draw() completed at 16:52:34.917 (draw time: 24553.91 ms)
2025-12-04 16:52:35,082 - canvas - INFO - [Red] draw() completed at 16:52:35.082 (draw time: 24719.02 ms)
2025-12-04 16:52:35,242 - canvas - INFO - [Red] draw() completed at 16:52:35.242 (draw time: 24878.72 ms)
2025-12-04 16:52:35,406 - canvas - INFO - [Red] draw() completed at 16:52:35.406 (draw time: 25042.49 ms)
2025-12-04 16:52:35,571 - canvas - INFO - [Red] draw() completed at 16:52:35.571 (draw time: 25207.59 ms)
2025-12-04 16:52:35,734 - canvas - INFO - [Red] draw() completed at 16:52:35.734 (draw time: 25370.47 ms)
2025-12-04 16:52:36,429 - canvas - INFO - [Red] draw() completed at 16:52:36.429 (draw time: 26065.43 ms)
2025-12-04 16:52:36,592 - canvas - INFO - [Red] draw() completed at 16:52:36.592 (draw time: 26228.95 ms)
2025-12-04 16:52:36,752 - canvas - INFO - [Red] draw() completed at 16:52:36.752 (draw time: 26388.35 ms)
2025-12-04 16:52:36,911 - canvas - INFO - [Red] draw() completed at 16:52:36.911 (draw time: 26547.72 ms)
2025-12-04 16:52:37,080 - canvas - INFO - [Red] draw() completed at 16:52:37.080 (draw time: 26717.22 ms)
2025-12-04 16:52:37,242 - canvas - INFO - [Red] draw() completed at 16:52:37.242 (draw time: 26878.88 ms)
2025-12-04 16:52:38,085 - canvas - INFO - [Red] draw() completed at 16:52:38.085 (draw time: 27721.40 ms)
2025-12-04 16:52:38,247 - canvas - INFO - [Red] draw() completed at 16:52:38.247 (draw time: 27883.74 ms)
2025-12-04 16:52:38,407 - canvas - INFO - [Red] draw() completed at 16:52:38.407 (draw time: 28043.34 ms)
2025-12-04 16:52:38,576 - canvas - INFO - [Red] draw() completed at 16:52:38.576 (draw time: 28213.05 ms)
2025-12-04 16:52:40,073 - canvas - INFO - [Red] draw() completed at 16:52:40.073 (draw time: 29709.59 ms)
2025-12-04 16:52:40,244 - canvas - INFO - [Red] draw() completed at 16:52:40.244 (draw time: 29880.76 ms)
2025-12-04 16:52:40,401 - canvas - INFO - [Red] draw() completed at 16:52:40.401 (draw time: 30037.58 ms)
2025-12-04 16:52:40,563 - canvas - INFO - [Red] draw() completed at 16:52:40.563 (draw time: 30200.11 ms)
2025-12-04 16:52:40,731 - canvas - INFO - [Red] draw() completed at 16:52:40.731 (draw time: 30367.46 ms)
2025-12-04 16:52:40,890 - canvas - INFO - [Red] draw() completed at 16:52:40.890 (draw time: 30526.65 ms)
2025-12-04 16:52:41,046 - canvas - INFO - [Red] draw() completed at 16:52:41.046 (draw time: 30683.17 ms)
2025-12-04 16:52:41,205 - canvas - INFO - [Red] draw() completed at 16:52:41.205 (draw time: 30842.18 ms)
2025-12-04 16:52:41,361 - canvas - INFO - [Red] draw() completed at 16:52:41.361 (draw time: 30997.75 ms)
2025-12-04 16:52:41,824 - canvas - INFO - [Red] draw() completed at 16:52:41.824 (draw time: 31461.04 ms)
2025-12-04 16:52:41,986 - canvas - INFO - [Red] draw() completed at 16:52:41.986 (draw time: 31622.69 ms)
2025-12-04 16:52:42,148 - canvas - INFO - [Red] draw() completed at 16:52:42.148 (draw time: 31785.06 ms)
2025-12-04 16:52:42,303 - canvas - INFO - [Red] draw() completed at 16:52:42.303 (draw time: 31939.46 ms)
2025-12-04 16:52:42,460 - canvas - INFO - [Red] draw() completed at 16:52:42.460 (draw time: 32097.15 ms)
2025-12-04 16:52:42,968 - canvas - INFO - [Red] draw() completed at 16:52:42.968 (draw time: 32605.01 ms)
2025-12-04 16:52:43,134 - canvas - INFO - [Red] draw() completed at 16:52:43.134 (draw time: 32770.48 ms)
2025-12-04 16:52:43,293 - canvas - INFO - [Red] draw() completed at 16:52:43.293 (draw time: 32929.67 ms)
2025-12-04 16:52:43,458 - canvas - INFO - [Red] draw() completed at 16:52:43.458 (draw time: 33094.42 ms)
2025-12-04 16:52:43,621 - canvas - INFO - [Red] draw() completed at 16:52:43.621 (draw time: 33258.06 ms)
2025-12-04 16:52:43,781 - canvas - INFO - [Red] draw() completed at 16:52:43.781 (draw time: 33417.57 ms)
2025-12-04 16:52:43,951 - canvas - INFO - [Red] draw() completed at 16:52:43.951 (draw time: 33587.84 ms)
2025-12-04 16:52:44,114 - canvas - INFO - [Red] draw() completed at 16:52:44.114 (draw time: 33750.54 ms)
2025-12-04 16:52:44,273 - canvas - INFO - [Red] draw() completed at 16:52:44.273 (draw time: 33910.09 ms)
2025-12-04 16:52:44,445 - canvas - INFO - [Red] draw() completed at 16:52:44.445 (draw time: 34081.42 ms)
2025-12-04 16:52:44,611 - canvas - INFO - [Red] draw() completed at 16:52:44.611 (draw time: 34247.33 ms)
2025-12-04 16:52:44,780 - canvas - INFO - [Red] draw() completed at 16:52:44.779 (draw time: 34416.27 ms)
2025-12-04 16:52:44,948 - canvas - INFO - [Red] draw() completed at 16:52:44.948 (draw time: 34584.47 ms)
2025-12-04 16:52:45,110 - canvas - INFO - [Red] draw() completed at 16:52:45.110 (draw time: 34747.00 ms)
2025-12-04 16:52:45,277 - canvas - INFO - [Red] draw() completed at 16:52:45.276 (draw time: 34913.27 ms)
2025-12-04 16:52:45,438 - canvas - INFO - [Red] draw() completed at 16:52:45.438 (draw time: 35074.35 ms)
2025-12-04 16:52:45,603 - canvas - INFO - [Red] draw() completed at 16:52:45.603 (draw time: 35240.02 ms)
2025-12-04 16:52:45,772 - canvas - INFO - [Red] draw() completed at 16:52:45.772 (draw time: 35409.16 ms)
2025-12-04 16:52:45,937 - canvas - INFO - [Red] draw() completed at 16:52:45.937 (draw time: 35573.78 ms)
2025-12-04 16:52:46,106 - canvas - INFO - [Red] draw() completed at 16:52:46.106 (draw time: 35742.41 ms)
2025-12-04 16:52:46,264 - canvas - INFO - [Red] draw() completed at 16:52:46.264 (draw time: 35900.75 ms)
2025-12-04 16:52:46,424 - canvas - INFO - [Red] draw() completed at 16:52:46.424 (draw time: 36060.55 ms)
2025-12-04 16:52:46,586 - canvas - INFO - [Red] draw() completed at 16:52:46.586 (draw time: 36222.51 ms)
2025-12-04 16:52:46,756 - canvas - INFO - [Red] draw() completed at 16:52:46.756 (draw time: 36392.32 ms)
2025-12-04 16:52:46,910 - canvas - INFO - [Red] draw() completed at 16:52:46.910 (draw time: 36547.08 ms)
2025-12-04 16:52:47,075 - canvas - INFO - [Red] draw() completed at 16:52:47.075 (draw time: 36711.58 ms)
2025-12-04 16:52:47,236 - canvas - INFO - [Red] draw() completed at 16:52:47.236 (draw time: 36872.80 ms)
2025-12-04 16:52:47,404 - canvas - INFO - [Red] draw() completed at 16:52:47.404 (draw time: 37040.65 ms)
2025-12-04 16:52:47,573 - canvas - INFO - [Red] draw() completed at 16:52:47.573 (draw time: 37210.08 ms)
2025-12-04 16:52:51,162 - canvas - INFO - [Green] draw() completed at 16:52:51.162 (draw time: 53.76 ms)
2025-12-04 16:52:52,122 - canvas - INFO - [Green] draw() completed at 16:52:52.122 (draw time: 1013.72 ms)
2025-12-04 16:52:52,287 - canvas - INFO - [Green] draw() completed at 16:52:52.287 (draw time: 1178.23 ms)
2025-12-04 16:52:52,452 - canvas - INFO - [Green] draw() completed at 16:52:52.452 (draw time: 1344.05 ms)
2025-12-04 16:52:52,617 - canvas - INFO - [Green] draw() completed at 16:52:52.617 (draw time: 1508.37 ms)
2025-12-04 16:52:52,780 - canvas - INFO - [Green] draw() completed at 16:52:52.780 (draw time: 1671.83 ms)
2025-12-04 16:52:52,944 - canvas - INFO - [Green] draw() completed at 16:52:52.944 (draw time: 1835.89 ms)
2025-12-04 16:52:53,107 - canvas - INFO - [Green] draw() completed at 16:52:53.107 (draw time: 1998.89 ms)
2025-12-04 16:52:53,265 - canvas - INFO - [Green] draw() completed at 16:52:53.265 (draw time: 2157.08 ms)
2025-12-04 16:52:53,428 - canvas - INFO - [Green] draw() completed at 16:52:53.428 (draw time: 2320.00 ms)
2025-12-04 16:52:53,595 - canvas - INFO - [Green] draw() completed at 16:52:53.595 (draw time: 2486.88 ms)
2025-12-04 16:52:53,755 - canvas - INFO - [Green] draw() completed at 16:52:53.755 (draw time: 2646.38 ms)
2025-12-04 16:52:53,936 - canvas - INFO - [Green] draw() completed at 16:52:53.936 (draw time: 2827.42 ms)
2025-12-04 16:52:54,101 - canvas - INFO - [Green] draw() completed at 16:52:54.101 (draw time: 2992.71 ms)
2025-12-04 16:52:54,267 - canvas - INFO - [Green] draw() completed at 16:52:54.266 (draw time: 3158.18 ms)
2025-12-04 16:52:54,435 - canvas - INFO - [Green] draw() completed at 16:52:54.435 (draw time: 3326.19 ms)
2025-12-04 16:52:54,594 - canvas - INFO - [Green] draw() completed at 16:52:54.594 (draw time: 3485.37 ms)
2025-12-04 16:52:54,763 - canvas - INFO - [Green] draw() completed at 16:52:54.763 (draw time: 3654.80 ms)
2025-12-04 16:52:55,633 - canvas - INFO - [Green] draw() completed at 16:52:55.633 (draw time: 4524.44 ms)
2025-12-04 16:52:55,799 - canvas - INFO - [Green] draw() completed at 16:52:55.799 (draw time: 4690.27 ms)
2025-12-04 16:52:55,964 - canvas - INFO - [Green] draw() completed at 16:52:55.964 (draw time: 4856.07 ms)
2025-12-04 16:52:56,129 - canvas - INFO - [Green] draw() completed at 16:52:56.129 (draw time: 5020.62 ms)
2025-12-04 16:52:56,383 - canvas - INFO - [Green] draw() completed at 16:52:56.383 (draw time: 5274.67 ms)
2025-12-04 16:52:56,550 - canvas - INFO - [Green] draw() completed at 16:52:56.550 (draw time: 5441.87 ms)
2025-12-04 16:52:56,713 - canvas - INFO - [Green] draw() completed at 16:52:56.713 (draw time: 5604.76 ms)
2025-12-04 16:52:56,879 - canvas - INFO - [Green] draw() completed at 16:52:56.879 (draw time: 5770.57 ms)
2025-12-04 16:52:57,064 - canvas - INFO - [Green] draw() completed at 16:52:57.064 (draw time: 5955.21 ms)
2025-12-04 16:52:57,243 - canvas - INFO - [Green] draw() completed at 16:52:57.243 (draw time: 6135.12 ms)
2025-12-04 16:52:57,855 - canvas - INFO - [Green] draw() completed at 16:52:57.855 (draw time: 6746.37 ms)
2025-12-04 16:52:58,029 - canvas - INFO - [Green] draw() completed at 16:52:58.029 (draw time: 6920.82 ms)
2025-12-04 16:52:58,210 - canvas - INFO - [Green] draw() completed at 16:52:58.210 (draw time: 7102.10 ms)
2025-12-04 16:52:58,403 - canvas - INFO - [Green] draw() completed at 16:52:58.403 (draw time: 7294.86 ms)
2025-12-04 16:52:58,805 - canvas - INFO - [Green] draw() completed at 16:52:58.805 (draw time: 7696.92 ms)
2025-12-04 16:52:59,009 - canvas - INFO - [Green] draw() completed at 16:52:59.009 (draw time: 7900.95 ms)
2025-12-04 16:52:59,216 - canvas - INFO - [Green] draw() completed at 16:52:59.215 (draw time: 8107.18 ms)
2025-12-04 16:52:59,426 - canvas - INFO - [Green] draw() completed at 16:52:59.426 (draw time: 8317.25 ms)
2025-12-04 16:52:59,662 - canvas - INFO - [Green] draw() completed at 16:52:59.662 (draw time: 8553.99 ms)
2025-12-04 16:53:01,208 - canvas - INFO - [Green] draw() completed at 16:53:01.208 (draw time: 10099.69 ms)
2025-12-04 16:53:01,369 - canvas - INFO - [Green] draw() completed at 16:53:01.369 (draw time: 10260.71 ms)
2025-12-04 16:53:01,533 - canvas - INFO - [Green] draw() completed at 16:53:01.533 (draw time: 10424.27 ms)
2025-12-04 16:53:02,775 - canvas - INFO - [Green] draw() completed at 16:53:02.775 (draw time: 11666.69 ms)
2025-12-04 16:53:02,941 - canvas - INFO - [Green] draw() completed at 16:53:02.941 (draw time: 11832.29 ms)
2025-12-04 16:53:03,101 - canvas - INFO - [Green] draw() completed at 16:53:03.101 (draw time: 11993.10 ms)
2025-12-04 16:53:03,264 - canvas - INFO - [Green] draw() completed at 16:53:03.264 (draw time: 12155.95 ms)
2025-12-04 16:53:03,426 - canvas - INFO - [Green] draw() completed at 16:53:03.426 (draw time: 12317.68 ms)
2025-12-04 16:53:03,596 - canvas - INFO - [Green] draw() completed at 16:53:03.596 (draw time: 12487.71 ms)
2025-12-04 16:53:03,781 - canvas - INFO - [Green] draw() completed at 16:53:03.781 (draw time: 12672.78 ms)
2025-12-04 16:53:08,594 - canvas - INFO - [Green] draw() completed at 16:53:08.594 (draw time: 53.14 ms)
2025-12-04 16:53:10,548 - canvas - INFO - [Green] draw() completed at 16:53:10.548 (draw time: 72.22 ms)
2025-12-04 16:53:12,944 - canvas - INFO - [Green] draw() completed at 16:53:12.944 (draw time: 72.62 ms)
2025-12-04 16:53:15,329 - canvas - INFO - [Green] draw() completed at 16:53:15.328 (draw time: 71.93 ms)
2025-12-04 16:53:17,838 - canvas - INFO - [Green] draw() completed at 16:53:17.838 (draw time: 74.19 ms)
2025-12-04 16:53:20,217 - canvas - INFO - [Green] draw() completed at 16:53:20.217 (draw time: 73.24 ms)
2025-12-04 16:53:22,584 - canvas - INFO - [Green] draw() completed at 16:53:22.584 (draw time: 70.39 ms)
2025-12-04 16:53:24,915 - canvas - INFO - [Green] draw() completed at 16:53:24.915 (draw time: 73.34 ms)
2025-12-04 16:53:27,226 - canvas - INFO - [Green] draw() completed at 16:53:27.226 (draw time: 70.10 ms)
2025-12-04 16:53:27,464 - canvas - INFO - [Green] draw() completed at 16:53:27.463 (draw time: 307.66 ms)
2025-12-04 16:53:28,886 - canvas - INFO - [Green] draw() completed at 16:53:28.886 (draw time: 1729.92 ms)
2025-12-04 16:53:29,049 - canvas - INFO - [Green] draw() completed at 16:53:29.049 (draw time: 1893.62 ms)
2025-12-04 16:53:29,211 - canvas - INFO - [Green] draw() completed at 16:53:29.211 (draw time: 2055.55 ms)
2025-12-04 16:53:29,388 - canvas - INFO - [Green] draw() completed at 16:53:29.388 (draw time: 2231.90 ms)
2025-12-04 16:53:29,572 - canvas - INFO - [Green] draw() completed at 16:53:29.572 (draw time: 2415.93 ms)
2025-12-04 16:53:31,362 - canvas - INFO - [Green] draw() completed at 16:53:31.362 (draw time: 4206.17 ms)
2025-12-04 16:53:31,522 - canvas - INFO - [Green] draw() completed at 16:53:31.522 (draw time: 4366.35 ms)
2025-12-04 16:53:31,762 - canvas - INFO - [Green] draw() completed at 16:53:31.762 (draw time: 4605.96 ms)
2025-12-04 16:53:31,921 - canvas - INFO - [Green] draw() completed at 16:53:31.921 (draw time: 4764.75 ms)
2025-12-04 16:53:32,089 - canvas - INFO - [Green] draw() completed at 16:53:32.089 (draw time: 4932.81 ms)
2025-12-04 16:53:32,258 - canvas - INFO - [Green] draw() completed at 16:53:32.258 (draw time: 5102.22 ms)
2025-12-04 16:53:32,747 - canvas - INFO - [Green] draw() completed at 16:53:32.747 (draw time: 5591.41 ms)
2025-12-04 16:53:32,914 - canvas - INFO - [Green] draw() completed at 16:53:32.914 (draw time: 5758.40 ms)
2025-12-04 16:53:34,157 - canvas - INFO - [Green] draw() completed at 16:53:34.157 (draw time: 7001.43 ms)
2025-12-04 16:53:34,326 - canvas - INFO - [Green] draw() completed at 16:53:34.326 (draw time: 7170.47 ms)
2025-12-04 16:53:34,487 - canvas - INFO - [Green] draw() completed at 16:53:34.487 (draw time: 7330.88 ms)
2025-12-04 16:53:35,669 - canvas - INFO - [Green] draw() completed at 16:53:35.668 (draw time: 8512.68 ms)
2025-12-04 16:53:35,830 - canvas - INFO - [Green] draw() completed at 16:53:35.830 (draw time: 8674.21 ms)
2025-12-04 16:53:35,992 - canvas - INFO - [Green] draw() completed at 16:53:35.992 (draw time: 8836.25 ms)
2025-12-04 16:53:36,158 - canvas - INFO - [Green] draw() completed at 16:53:36.158 (draw time: 9002.29 ms)
2025-12-04 16:53:36,326 - canvas - INFO - [Green] draw() completed at 16:53:36.326 (draw time: 9170.25 ms)
2025-12-04 16:53:37,120 - canvas - INFO - [Green] draw() completed at 16:53:37.120 (draw time: 9963.77 ms)
2025-12-04 16:53:38,337 - canvas - INFO - [Green] draw() completed at 16:53:38.337 (draw time: 11181.10 ms)
2025-12-04 16:53:38,502 - canvas - INFO - [Green] draw() completed at 16:53:38.502 (draw time: 11345.72 ms)
2025-12-04 16:53:38,667 - canvas - INFO - [Green] draw() completed at 16:53:38.667 (draw time: 11511.55 ms)
2025-12-04 16:53:38,833 - canvas - INFO - [Green] draw() completed at 16:53:38.833 (draw time: 11677.03 ms)
2025-12-04 16:53:38,988 - canvas - INFO - [Green] draw() completed at 16:53:38.988 (draw time: 11832.54 ms)
2025-12-04 16:53:39,154 - canvas - INFO - [Green] draw() completed at 16:53:39.154 (draw time: 11998.65 ms)
2025-12-04 16:53:39,316 - canvas - INFO - [Green] draw() completed at 16:53:39.315 (draw time: 12159.70 ms)
2025-12-04 16:53:39,479 - canvas - INFO - [Green] draw() completed at 16:53:39.479 (draw time: 12322.99 ms)
2025-12-04 16:53:39,645 - canvas - INFO - [Green] draw() completed at 16:53:39.645 (draw time: 12489.27 ms)
2025-12-04 16:53:39,826 - canvas - INFO - [Green] draw() completed at 16:53:39.826 (draw time: 12670.07 ms)
2025-12-04 16:53:40,010 - canvas - INFO - [Green] draw() completed at 16:53:40.010 (draw time: 12854.47 ms)
2025-12-04 16:53:40,200 - canvas - INFO - [Green] draw() completed at 16:53:40.200 (draw time: 13044.04 ms)
2025-12-04 16:53:40,408 - canvas - INFO - [Green] draw() completed at 16:53:40.408 (draw time: 13252.11 ms)
2025-12-04 16:53:40,931 - canvas - INFO - [Green] draw() completed at 16:53:40.931 (draw time: 13775.60 ms)
2025-12-04 16:53:41,133 - canvas - INFO - [Green] draw() completed at 16:53:41.133 (draw time: 13977.18 ms)
2025-12-04 17:05:25,152 - root - INFO - TIFF size: 0.24 GB, Free RAM: 5.46 GB
2025-12-04 17:05:25,153 - ui - INFO - Loading entire TIFF into memory...
2025-12-04 17:05:25,493 - canvas - INFO - [] draw() completed at 17:05:25.493 (draw time: 352.04 ms)
2025-12-04 17:05:25,516 - canvas - INFO - [] draw() completed at 17:05:25.516 (draw time: 375.11 ms)
2025-12-04 17:05:25,616 - loader - INFO - TIFF fully loaded into RAM
2025-12-04 17:05:25,661 - canvas - INFO - [] draw() completed at 17:05:25.660 (draw time: 519.70 ms)
2025-12-04 17:05:32,534 - canvas - INFO - [Red] draw() completed at 17:05:32.534 (draw time: 117.35 ms)
2025-12-04 17:05:34,747 - canvas - INFO - [Red] draw() completed at 17:05:34.747 (draw time: 2330.26 ms)
2025-12-04 17:05:34,960 - canvas - INFO - [Red] draw() completed at 17:05:34.959 (draw time: 2542.71 ms)
2025-12-04 17:05:36,263 - canvas - INFO - [Red] draw() completed at 17:05:36.263 (draw time: 3845.96 ms)
2025-12-04 17:05:36,419 - canvas - INFO - [Red] draw() completed at 17:05:36.419 (draw time: 4002.64 ms)
2025-12-04 17:05:36,572 - canvas - INFO - [Red] draw() completed at 17:05:36.572 (draw time: 4155.55 ms)
2025-12-04 17:05:36,734 - canvas - INFO - [Red] draw() completed at 17:05:36.734 (draw time: 4317.50 ms)
2025-12-04 17:05:36,893 - canvas - INFO - [Red] draw() completed at 17:05:36.893 (draw time: 4475.86 ms)
2025-12-04 17:05:37,052 - canvas - INFO - [Red] draw() completed at 17:05:37.052 (draw time: 4635.67 ms)
2025-12-04 17:05:37,225 - canvas - INFO - [Red] draw() completed at 17:05:37.225 (draw time: 4808.15 ms)
2025-12-04 17:05:38,012 - canvas - INFO - [Red] draw() completed at 17:05:38.012 (draw time: 5595.49 ms)
2025-12-04 17:05:38,407 - canvas - INFO - [Red] draw() completed at 17:05:38.407 (draw time: 5989.99 ms)
2025-12-04 17:05:38,565 - canvas - INFO - [Red] draw() completed at 17:05:38.565 (draw time: 6148.22 ms)
2025-12-04 17:05:38,736 - canvas - INFO - [Red] draw() completed at 17:05:38.736 (draw time: 6319.55 ms)
2025-12-04 17:05:38,893 - canvas - INFO - [Red] draw() completed at 17:05:38.893 (draw time: 6476.42 ms)
2025-12-04 17:05:39,058 - canvas - INFO - [Red] draw() completed at 17:05:39.058 (draw time: 6640.81 ms)
2025-12-04 17:05:39,215 - canvas - INFO - [Red] draw() completed at 17:05:39.215 (draw time: 6798.06 ms)
2025-12-04 17:05:39,381 - canvas - INFO - [Red] draw() completed at 17:05:39.381 (draw time: 6963.86 ms)
2025-12-04 17:05:39,547 - canvas - INFO - [Red] draw() completed at 17:05:39.547 (draw time: 7130.40 ms)
2025-12-04 17:05:39,711 - canvas - INFO - [Red] draw() completed at 17:05:39.711 (draw time: 7294.65 ms)
2025-12-04 17:05:39,873 - canvas - INFO - [Red] draw() completed at 17:05:39.873 (draw time: 7455.95 ms)
2025-12-04 17:05:40,041 - canvas - INFO - [Red] draw() completed at 17:05:40.041 (draw time: 7623.98 ms)
2025-12-04 17:05:40,219 - canvas - INFO - [Red] draw() completed at 17:05:40.219 (draw time: 7801.94 ms)
2025-12-04 17:05:40,378 - canvas - INFO - [Red] draw() completed at 17:05:40.378 (draw time: 7960.99 ms)
2025-12-04 17:05:40,537 - canvas - INFO - [Red] draw() completed at 17:05:40.537 (draw time: 8120.12 ms)
2025-12-04 17:05:40,693 - canvas - INFO - [Red] draw() completed at 17:05:40.693 (draw time: 8276.08 ms)
2025-12-04 17:05:40,852 - canvas - INFO - [Red] draw() completed at 17:05:40.852 (draw time: 8434.88 ms)
2025-12-04 17:05:41,016 - canvas - INFO - [Red] draw() completed at 17:05:41.016 (draw time: 8599.39 ms)
2025-12-04 17:05:41,176 - canvas - INFO - [Red] draw() completed at 17:05:41.176 (draw time: 8759.05 ms)
2025-12-04 17:05:41,333 - canvas - INFO - [Red] draw() completed at 17:05:41.333 (draw time: 8916.61 ms)
2025-12-04 17:05:41,541 - canvas - INFO - [Red] draw() completed at 17:05:41.541 (draw time: 9123.93 ms)
2025-12-04 17:05:41,706 - canvas - INFO - [Red] draw() completed at 17:05:41.706 (draw time: 9289.14 ms)
2025-12-04 17:05:41,866 - canvas - INFO - [Red] draw() completed at 17:05:41.866 (draw time: 9449.07 ms)
2025-12-04 17:05:42,027 - canvas - INFO - [Red] draw() completed at 17:05:42.027 (draw time: 9610.11 ms)
2025-12-04 17:05:42,186 - canvas - INFO - [Red] draw() completed at 17:05:42.186 (draw time: 9769.21 ms)
2025-12-04 17:05:42,343 - canvas - INFO - [Red] draw() completed at 17:05:42.343 (draw time: 9926.48 ms)
2025-12-04 17:05:42,502 - canvas - INFO - [Red] draw() completed at 17:05:42.502 (draw time: 10085.58 ms)
2025-12-04 17:05:43,285 - canvas - INFO - [Red] draw() completed at 17:05:43.285 (draw time: 10868.18 ms)
2025-12-04 17:05:43,450 - canvas - INFO - [Red] draw() completed at 17:05:43.450 (draw time: 11033.50 ms)
2025-12-04 17:05:43,610 - canvas - INFO - [Red] draw() completed at 17:05:43.610 (draw time: 11193.66 ms)
2025-12-04 17:05:43,766 - canvas - INFO - [Red] draw() completed at 17:05:43.766 (draw time: 11349.24 ms)
2025-12-04 17:05:43,926 - canvas - INFO - [Red] draw() completed at 17:05:43.926 (draw time: 11509.39 ms)
2025-12-04 17:05:44,091 - canvas - INFO - [Red] draw() completed at 17:05:44.091 (draw time: 11674.34 ms)
2025-12-04 17:05:44,253 - canvas - INFO - [Red] draw() completed at 17:05:44.253 (draw time: 11836.41 ms)
2025-12-04 17:05:44,420 - canvas - INFO - [Red] draw() completed at 17:05:44.420 (draw time: 12003.46 ms)
2025-12-04 17:05:44,883 - canvas - INFO - [Red] draw() completed at 17:05:44.883 (draw time: 12465.90 ms)
2025-12-04 17:05:45,046 - canvas - INFO - [Red] draw() completed at 17:05:45.046 (draw time: 12629.54 ms)
2025-12-04 17:05:45,313 - canvas - INFO - [Red] draw() completed at 17:05:45.313 (draw time: 12896.02 ms)
2025-12-04 17:05:45,470 - canvas - INFO - [Red] draw() completed at 17:05:45.470 (draw time: 13053.05 ms)
2025-12-04 17:05:45,633 - canvas - INFO - [Red] draw() completed at 17:05:45.633 (draw time: 13215.83 ms)
2025-12-04 17:05:45,798 - canvas - INFO - [Red] draw() completed at 17:05:45.798 (draw time: 13381.64 ms)
2025-12-04 17:05:45,959 - canvas - INFO - [Red] draw() completed at 17:05:45.959 (draw time: 13542.34 ms)
2025-12-04 17:05:46,125 - canvas - INFO - [Red] draw() completed at 17:05:46.125 (draw time: 13707.78 ms)
2025-12-04 17:05:46,285 - canvas - INFO - [Red] draw() completed at 17:05:46.285 (draw time: 13868.31 ms)
2025-12-04 17:05:46,448 - canvas - INFO - [Red] draw() completed at 17:05:46.448 (draw time: 14031.64 ms)
2025-12-04 17:05:50,297 - canvas - INFO - [Red] draw() completed at 17:05:50.297 (draw time: 57.07 ms)
2025-12-04 17:05:52,205 - canvas - INFO - [Red] draw() completed at 17:05:52.205 (draw time: 57.46 ms)
2025-12-04 17:05:54,118 - canvas - INFO - [Red] draw() completed at 17:05:54.118 (draw time: 55.78 ms)
2025-12-04 17:05:56,054 - canvas - INFO - [Red] draw() completed at 17:05:56.054 (draw time: 58.00 ms)
2025-12-04 17:05:59,966 - canvas - INFO - [Red] draw() completed at 17:05:59.965 (draw time: 142.39 ms)
2025-12-04 17:06:53,119 - root - INFO - TIFF size: 0.24 GB, Free RAM: 5.40 GB
2025-12-04 17:06:53,119 - ui - INFO - Loading entire TIFF into memory...
2025-12-04 17:06:53,393 - canvas - INFO - [] draw() completed at 17:06:53.393 (draw time: 285.55 ms)
2025-12-04 17:06:53,422 - canvas - INFO - [] draw() completed at 17:06:53.422 (draw time: 314.78 ms)
2025-12-04 17:06:53,514 - loader - INFO - TIFF fully loaded into RAM
2025-12-04 17:06:53,553 - canvas - INFO - [] draw() completed at 17:06:53.553 (draw time: 446.15 ms)
2025-12-04 17:06:59,295 - canvas - INFO - [Red] draw() completed at 17:06:59.295 (draw time: 124.62 ms)
2025-12-04 17:07:01,614 - canvas - INFO - [Red] draw() completed at 17:07:01.614 (draw time: 2443.52 ms)
2025-12-04 17:07:01,779 - canvas - INFO - [Red] draw() completed at 17:07:01.779 (draw time: 2607.85 ms)
2025-12-04 17:07:01,936 - canvas - INFO - [Red] draw() completed at 17:07:01.936 (draw time: 2764.92 ms)
2025-12-04 17:07:02,095 - canvas - INFO - [Red] draw() completed at 17:07:02.095 (draw time: 2924.47 ms)
2025-12-04 17:07:02,250 - canvas - INFO - [Red] draw() completed at 17:07:02.250 (draw time: 3078.83 ms)
2025-12-04 17:07:02,408 - canvas - INFO - [Red] draw() completed at 17:07:02.408 (draw time: 3237.56 ms)
2025-12-04 17:07:02,564 - canvas - INFO - [Red] draw() completed at 17:07:02.564 (draw time: 3393.26 ms)
2025-12-04 17:07:02,725 - canvas - INFO - [Red] draw() completed at 17:07:02.725 (draw time: 3554.64 ms)
2025-12-04 17:07:02,884 - canvas - INFO - [Red] draw() completed at 17:07:02.884 (draw time: 3712.85 ms)
2025-12-04 17:07:03,042 - canvas - INFO - [Red] draw() completed at 17:07:03.042 (draw time: 3871.52 ms)
2025-12-04 17:07:03,199 - canvas - INFO - [Red] draw() completed at 17:07:03.199 (draw time: 4028.21 ms)
2025-12-04 17:07:03,361 - canvas - INFO - [Red] draw() completed at 17:07:03.361 (draw time: 4189.83 ms)
2025-12-04 17:07:03,530 - canvas - INFO - [Red] draw() completed at 17:07:03.530 (draw time: 4359.09 ms)
2025-12-04 17:07:03,696 - canvas - INFO - [Red] draw() completed at 17:07:03.696 (draw time: 4525.73 ms)
2025-12-04 17:07:03,855 - canvas - INFO - [Red] draw() completed at 17:07:03.855 (draw time: 4683.97 ms)
2025-12-04 17:54:41,272 - root - INFO - TIFF size: 0.24 GB, Free RAM: 4.89 GB
2025-12-04 17:54:41,273 - ui - INFO - Loading entire TIFF into memory...
2025-12-04 17:54:41,389 - canvas - INFO - [] draw() completed at 17:54:41.389 (draw time: 128.74 ms)
2025-12-04 17:54:41,415 - canvas - INFO - [] draw() completed at 17:54:41.415 (draw time: 155.17 ms)
2025-12-04 17:54:41,548 - loader - INFO - TIFF fully loaded into RAM
2025-12-04 17:54:41,698 - canvas - INFO - [] draw() completed at 17:54:41.698 (draw time: 438.35 ms)
2025-12-04 17:55:10,579 - root - INFO - TIFF size: 0.24 GB, Free RAM: 4.89 GB
2025-12-04 17:55:10,580 - ui - INFO - Loading entire TIFF into memory...
2025-12-04 17:55:10,697 - canvas - INFO - [] draw() completed at 17:55:10.696 (draw time: 130.57 ms)
2025-12-04 17:55:10,729 - canvas - INFO - [] draw() completed at 17:55:10.729 (draw time: 163.32 ms)
2025-12-04 17:55:10,842 - loader - INFO - TIFF fully loaded into RAM
2025-12-04 17:55:11,031 - canvas - INFO - [] draw() completed at 17:55:11.031 (draw time: 464.95 ms)
2025-12-04 17:56:06,426 - canvas - INFO - [Red] draw() completed at 17:56:06.426 (draw time: 112.29 ms)
2025-12-04 17:56:44,534 - canvas - INFO - [Green] draw() completed at 17:56:44.534 (draw time: 49.87 ms)
2025-12-04 18:23:59,302 - root - INFO - TIFF size: 0.24 GB, Free RAM: 5.21 GB
2025-12-04 18:23:59,302 - ui - INFO - Loading entire TIFF into memory...
2025-12-04 18:23:59,415 - canvas - INFO - [] draw() completed at 18:23:59.415 (draw time: 125.53 ms)
2025-12-04 18:23:59,446 - canvas - INFO - [] draw() completed at 18:23:59.446 (draw time: 156.69 ms)
2025-12-04 18:23:59,553 - loader - INFO - TIFF fully loaded into RAM
2025-12-04 18:23:59,667 - canvas - INFO - [] draw() completed at 18:23:59.667 (draw time: 377.27 ms)
2025-12-04 18:24:04,291 - canvas - INFO - [Red] draw() completed at 18:24:04.291 (draw time: 89.40 ms)
2025-12-04 18:29:31,408 - root - INFO - TIFF size: 0.24 GB, Free RAM: 4.79 GB
2025-12-04 18:29:31,409 - ui - INFO - Loading entire TIFF into memory...
2025-12-04 18:29:31,531 - canvas - INFO - [] draw() completed at 18:29:31.531 (draw time: 139.83 ms)
2025-12-04 18:29:31,563 - canvas - INFO - [] draw() completed at 18:29:31.563 (draw time: 171.78 ms)
2025-12-04 18:29:31,676 - loader - INFO - TIFF fully loaded into RAM
2025-12-04 18:29:31,835 - canvas - INFO - [] draw() completed at 18:29:31.835 (draw time: 443.99 ms)
2025-12-04 18:29:45,825 - canvas - INFO - [Red] draw() completed at 18:29:45.825 (draw time: 117.64 ms)
2025-12-04 18:31:28,122 - canvas - INFO - [Green] draw() completed at 18:31:28.122 (draw time: 53.01 ms)
2025-12-04 18:32:46,251 - root - INFO - TIFF size: 0.24 GB, Free RAM: 5.24 GB
2025-12-04 18:32:46,252 - ui - INFO - Loading entire TIFF into memory...
2025-12-04 18:32:46,415 - canvas - INFO - [] draw() completed at 18:32:46.415 (draw time: 181.62 ms)
2025-12-04 18:32:46,461 - canvas - INFO - [] draw() completed at 18:32:46.461 (draw time: 227.39 ms)
2025-12-04 18:32:46,610 - loader - INFO - TIFF fully loaded into RAM
2025-12-04 18:32:46,869 - canvas - INFO - [] draw() completed at 18:32:46.869 (draw time: 635.83 ms)
2025-12-04 18:32:51,851 - canvas - INFO - [Red] draw() completed at 18:32:51.851 (draw time: 164.30 ms)
2025-12-04 18:47:21,275 - root - INFO - TIFF size: 0.24 GB, Free RAM: 5.31 GB
2025-12-04 18:47:21,276 - ui - INFO - Loading entire TIFF into memory...
2025-12-04 18:47:21,548 - canvas - INFO - [] draw() completed at 18:47:21.548 (draw time: 308.76 ms)
2025-12-04 18:47:21,583 - canvas - INFO - [] draw() completed at 18:47:21.583 (draw time: 344.23 ms)
2025-12-04 18:47:21,754 - loader - INFO - TIFF fully loaded into RAM
2025-12-04 18:47:22,004 - canvas - INFO - [] draw() completed at 18:47:22.004 (draw time: 764.82 ms)
2025-12-04 18:47:27,788 - canvas - INFO - [Red] draw() completed at 18:47:27.788 (draw time: 155.59 ms)
